-----BEGIN CERTIFICATE-----
YWJiYXNcYmExYWwNCjEwLzEwLzIwMjMgMTE6NDA6MzUsNzQgDQotLS0tLS0tLS0t
LS0tLS0tLS0tLS0tLS0tLS0tLS0tLS0tLS0tLS0tLS0tLS0tLS0tIA0KVXNlciBT
dG9yaWVzIChUZXN0c1xGZWF0dXJlXFVzZXJTdG9yaWVzKQogWyBdIFJFUTIgUHVi
bGljQ2F0ZWdvcnlQYWdlCiBbIF0gUkVRNCBEaXNjb3VudGVkUHJpY2VPbk1vZGVs
CiBbIF0gUkVRNCBEaXNjb3VudGVkUHJpY2VJbkhUTUwKIFsgXSBSRVE2IE9yZGVy
U3RhdHVzRXhpc3RzCiBbIF0gUkVRNyBPcmRlclN0YXR1c0NoYW5nZXMKIFsgXSBS
RVE5IFByb2R1Y3RFZGl0SGFzRGlzY291bnQKIFsgXSBSRVExMCBQcm9kdWN0RWRp
dENvbnRhaW5zQ2F0ZWdvcnkKIFsgXSBSRVExMWEgQ2F0ZWdvcnlQYWdlSGFzUHJv
ZHVjdHMKCi0tLS0tLS0tLS0tLS0tLS0tLS0tLS0tLS0tLS0tLS0tLS0tLS0tLS0t
LS0tLS0tLS0gDQpQSFBVbml0IDkuNi4xMSBieSBTZWJhc3RpYW4gQmVyZ21hbm4g
YW5kIGNvbnRyaWJ1dG9ycy4KCkVFRUVFRUVFICAgICAgICAgICAgICAgICAgICAg
ICAgICAgICAgICAgICAgICAgICAgICAgICAgICAgICAgICAgICAgOCAvIDggKDEw
MCUpDQoNClRpbWU6IDAwOjAwLjIxMSwgTWVtb3J5OiAyNC4wMCBNQg0KDQpUaGVy
ZSB3ZXJlIDggZXJyb3JzOgoKMSkgVGVzdHNcRmVhdHVyZVxVc2VyU3Rvcmllc1Rl
c3Q6OnRlc3RfUkVRMl9QdWJsaWNDYXRlZ29yeVBhZ2UKRXJyb3JFeGNlcHRpb246
IEF0dGVtcHQgdG8gcmVhZCBwcm9wZXJ0eSAicHJvZHVjdHMiIG9uIG51bGwKCkM6
XGxhcmFnb25cd3d3XDRTaG9wXHZlbmRvclxsYXJhdmVsXGZyYW1ld29ya1xzcmNc
SWxsdW1pbmF0ZVxGb3VuZGF0aW9uXEJvb3RzdHJhcFxIYW5kbGVFeGNlcHRpb25z
LnBocDoyNzAKQzpcbGFyYWdvblx3d3dcNFNob3BcdGVzdHNcRmVhdHVyZVxVc2Vy
U3Rvcmllc1Rlc3QucGhwOjEzCgoyKSBUZXN0c1xGZWF0dXJlXFVzZXJTdG9yaWVz
VGVzdDo6dGVzdF9SRVE0X0Rpc2NvdW50ZWRQcmljZU9uTW9kZWwKRXJyb3I6IENh
bGwgdG8gYSBtZW1iZXIgZnVuY3Rpb24gZ2V0UmF3T3JpZ2luYWwoKSBvbiBudWxs
CgpDOlxsYXJhZ29uXHd3d1w0U2hvcFx0ZXN0c1xGZWF0dXJlXFVzZXJTdG9yaWVz
VGVzdC5waHA6MjIKCjMpIFRlc3RzXEZlYXR1cmVcVXNlclN0b3JpZXNUZXN0Ojp0
ZXN0X1JFUTRfRGlzY291bnRlZFByaWNlSW5IVE1MCkVycm9yOiBDYWxsIHRvIGEg
bWVtYmVyIGZ1bmN0aW9uIGdldFJhd09yaWdpbmFsKCkgb24gbnVsbAoKQzpcbGFy
YWdvblx3d3dcNFNob3BcdGVzdHNcRmVhdHVyZVxVc2VyU3Rvcmllc1Rlc3QucGhw
OjM1Cgo0KSBUZXN0c1xGZWF0dXJlXFVzZXJTdG9yaWVzVGVzdDo6dGVzdF9SRVE2
X09yZGVyU3RhdHVzRXhpc3RzCkVycm9yOiBDYWxsIHRvIGEgbWVtYmVyIGZ1bmN0
aW9uIGdldEF0dHJpYnV0ZXMoKSBvbiBudWxsCgpDOlxsYXJhZ29uXHd3d1w0U2hv
cFx0ZXN0c1xGZWF0dXJlXFVzZXJTdG9yaWVzVGVzdC5waHA6NDgKCjUpIFRlc3Rz
XEZlYXR1cmVcVXNlclN0b3JpZXNUZXN0Ojp0ZXN0X1JFUTdfT3JkZXJTdGF0dXND
aGFuZ2VzCkVycm9yRXhjZXB0aW9uOiBBdHRlbXB0IHRvIHJlYWQgcHJvcGVydHkg
ImRlbGl2ZXJlZCIgb24gbnVsbAoKQzpcbGFyYWdvblx3d3dcNFNob3BcdmVuZG9y
XGxhcmF2ZWxcZnJhbWV3b3JrXHNyY1xJbGx1bWluYXRlXEZvdW5kYXRpb25cQm9v
dHN0cmFwXEhhbmRsZUV4Y2VwdGlvbnMucGhwOjI3MApDOlxsYXJhZ29uXHd3d1w0
U2hvcFx0ZXN0c1xGZWF0dXJlXFVzZXJTdG9yaWVzVGVzdC5waHA6NTQKCjYpIFRl
c3RzXEZlYXR1cmVcVXNlclN0b3JpZXNUZXN0Ojp0ZXN0X1JFUTlfUHJvZHVjdEVk
aXRIYXNEaXNjb3VudApFcnJvcjogQ2FsbCB0byBhIG1lbWJlciBmdW5jdGlvbiBn
ZXRSYXdPcmlnaW5hbCgpIG9uIG51bGwKCkM6XGxhcmFnb25cd3d3XDRTaG9wXHRl
c3RzXEZlYXR1cmVcVXNlclN0b3JpZXNUZXN0LnBocDo2NQoKNykgVGVzdHNcRmVh
dHVyZVxVc2VyU3Rvcmllc1Rlc3Q6OnRlc3RfUkVRMTBfUHJvZHVjdEVkaXRDb250
YWluc0NhdGVnb3J5CkVycm9yRXhjZXB0aW9uOiBBdHRlbXB0IHRvIHJlYWQgcHJv
cGVydHkgImlkIiBvbiBudWxsCgpDOlxsYXJhZ29uXHd3d1w0U2hvcFx2ZW5kb3Jc
bGFyYXZlbFxmcmFtZXdvcmtcc3JjXElsbHVtaW5hdGVcRm91bmRhdGlvblxCb290
c3RyYXBcSGFuZGxlRXhjZXB0aW9ucy5waHA6MjcwCkM6XGxhcmFnb25cd3d3XDRT
aG9wXHRlc3RzXEZlYXR1cmVcVXNlclN0b3JpZXNUZXN0LnBocDo4MAoKOCkgVGVz
dHNcRmVhdHVyZVxVc2VyU3Rvcmllc1Rlc3Q6OnRlc3RfUkVRMTFhX0NhdGVnb3J5
UGFnZUhhc1Byb2R1Y3RzCkVycm9yRXhjZXB0aW9uOiBBdHRlbXB0IHRvIHJlYWQg
cHJvcGVydHkgInByb2R1Y3RzIiBvbiBudWxsCgpDOlxsYXJhZ29uXHd3d1w0U2hv
cFx2ZW5kb3JcbGFyYXZlbFxmcmFtZXdvcmtcc3JjXElsbHVtaW5hdGVcRm91bmRh
dGlvblxCb290c3RyYXBcSGFuZGxlRXhjZXB0aW9ucy5waHA6MjcwCkM6XGxhcmFn
b25cd3d3XDRTaG9wXHRlc3RzXEZlYXR1cmVcVXNlclN0b3JpZXNUZXN0LnBocDo4
OAoKRVJST1JTIQ0KVGVzdHM6IDgsIEFzc2VydGlvbnM6IDAsIEVycm9yczogOC4N
Cg==
-----END CERTIFICATE-----
